Warning: You are sending unauthenticated requests to the HF Hub. Please set a HF_TOKEN to enable higher rate limits and faster downloads.
[transformers] Token indices sequence length is longer than the specified maximum sequence length for this model (1186 > 512). Running this sequence through the model will result in indexing errors
  holdout 6 file (KHÔNG train): 12, 16, 25, 26, 31, 42
  94 document → 136 cửa sổ train
Loading weights:   0%|          | 0/197 [00:00<?, ?it/s]Loading weights: 100%|██████████| 197/197 [00:00<00:00, 16550.71it/s]
[transformers] [1mXLMRobertaForTokenClassification LOAD REPORT[0m from: xlm-roberta-base
Key                         | Status     | 
----------------------------+------------+-
roberta.pooler.dense.weight | UNEXPECTED | 
lm_head.dense.bias          | UNEXPECTED | 
lm_head.layer_norm.bias     | UNEXPECTED | 
roberta.pooler.dense.bias   | UNEXPECTED | 
lm_head.bias                | UNEXPECTED | 
lm_head.layer_norm.weight   | UNEXPECTED | 
lm_head.dense.weight        | UNEXPECTED | 
classifier.weight           | MISSING    | 
classifier.bias             | MISSING    | 

Notes:
- UNEXPECTED:	can be ignored when loading from different task/architecture; not ok if you expect identical arch.
- MISSING:	those params were newly initialized because missing from the checkpoint. Consider training on your downstream task.
/Users/handonn/Workplace/viettelAI/smart-medic/scripts/train_ner.py:239: UserWarning: Converting a tensor with requires_grad=True to a scalar may lead to unexpected behavior.
Consider using tensor.detach() first. (Triggered internally at /Users/runner/work/pytorch/pytorch/torch/csrc/autograd/generated/python_variable_methods.cpp:823.)
  total += float(out.loss)
/Users/handonn/Workplace/viettelAI/smart-medic/scripts/train_ner.py:271: DeprecationWarning: You are using the legacy TorchScript-based ONNX export. Starting in PyTorch 2.9, the new torch.export-based ONNX exporter has become the default. Learn more about the new export logic: https://docs.pytorch.org/docs/stable/onnx_export.html. For exporting control flow: https://pytorch.org/tutorials/beginner/onnx/export_control_flow_model_to_onnx_tutorial.html
  torch.onnx.export(
/Users/handonn/Workplace/viettelAI/smart-medic/.venv/lib/python3.13/site-packages/transformers/masking_utils.py:212: TracerWarning: Converting a tensor to a Python boolean might cause the trace to be incorrect. We can't record the data flow of Python values, so this value will be treated as a constant in the future. This means that the trace might not generalize to other inputs!
  if (padding_length := kv_length + kv_offset - attention_mask.shape[-1]) > 0:
/Users/handonn/Workplace/viettelAI/smart-medic/.venv/lib/python3.13/site-packages/transformers/integrations/sdpa_attention.py:120: TracerWarning: Converting a tensor to a Python boolean might cause the trace to be incorrect. We can't record the data flow of Python values, so this value will be treated as a constant in the future. This means that the trace might not generalize to other inputs!
  is_causal = q_length > 1 and attention_mask is None and is_causal
/Users/handonn/Workplace/viettelAI/smart-medic/.venv/lib/python3.13/site-packages/torch/onnx/_internal/torchscript_exporter/symbolic_opset11.py:954: UserWarning: Exporting aten::index operator of advanced indexing in opset 14 is achieved by combination of multiple ONNX operators, including Reshape, Transpose, Concat, and Gather. If indices include negative values, the exported graph will produce incorrect results.
  return opset9.index(g, self, index)
  epoch 1/3  loss=1.3011
  epoch 2/3  loss=0.9163
  epoch 3/3  loss=0.7179

✓ bundle → models
    ner.onnx           1110.1 MB  07e59e1179a8445d…
    tokenizer.json       17.1 MB  acbd420e2269cdc1…

  Kiểm tra ngay:
    PYTHONPATH=src python3 -m smart_medic.infer --extractor v4 --input data/test --output data/output --explain
    PYTHONPATH=src python3 -m smart_medic.score --pred data/output --gold data/dev_gold --src data/test --verbose
